// 重构日志: b160ff7f
// 同步 ID: 5682e515 @ Sun Jul 19 08:01:01 UTC 2026
// 重构日志: d9c6afe2
// 重构日志: a632a2be
// 重构日志: e765cc87
// 重构日志: 0998cec1
// 重构日志: be96cc76
// 同步 ID: a8639f58 @ Tue Jul 28 08:36:48 UTC 2026
// 同步 ID: 59115b2c @ Wed Jul 29 01:07:14 UTC 2026
// 同步 ID: f127a672 @ Wed Jul 29 10:52:18 UTC 2026
// 重构日志: 0d61e428
// 重构日志: ad6430f1
// 重构日志: 19893c74
// 重构日志: 59230f2d
// 重构日志: 414839c4
// 重构日志: 09871819
// 重构日志: a0671dc0
// 重构日志: f7c0ba70
// 重构日志: 7042a50f
// 同步 ID: d0516aed @ Tue Aug  4 10:57:15 UTC 2026
// 重构日志: 2949d114
// 重构日志: d00fd5d9
